// Jest Snapshot v1, https://goo.gl/fbAQLP

exports[`Should render ExpenseListItem 1`] = `
<div>
  <[object Object]
    to="/edit/1"
  >
    <h1>
      Gum
    </h1>
  </[object Object]>
  <p>
    195
     - 
    0
  </p>
</div>
`;
