// Jest Snapshot v1, https://goo.gl/fbAQLP

exports[`should render header correctly 1`] = `
<header>
  <h2>
    Expensify
  </h2>
  <[object Object]
    activeClassName="is-active"
    exact={true}
    to="/"
  >
    Homepage
  </[object Object]>
  <[object Object]
    activeClassName="is-active"
    to="/create"
  >
    Create Expense
  </[object Object]>
  <[object Object]
    activeClassName="is-active"
    to="/edit"
  >
    Edit Expense
  </[object Object]>
</header>
`;
